npx : [baseline-browser-mapping] The data in 
this module is over two months old.  To ensure 
accurate Baseline data, please update: `npm i 
baseline-browser-mapping@latest -D`
At line:1 char:1
+ npx next build > build_output.txt 2>&1; 
Get-Content build_output.txt  ...
+ ~~~~~~~~~~~~~~~~~~~~~~~~~~~~~~~~~~~~~~
    + CategoryInfo          : NotSpecified: 
([base    line-brows...ping@latest -D`:String) 
[], Remot    eException
    + FullyQualifiedErrorId : NativeCommandError
 
 ÔÜá Warning: Next.js inferred your workspace 
root, but it may not be correct.
 We detected multiple lockfiles and selected the 
directory of C:\Users\gpu20\package-lock.json as 
the root directory.
 To silence this warning, set `turbopack.root` 
in your Next.js config, or consider removing one 
of the lockfiles if it's not needed.
   See https://nextjs.org/docs/app/api-reference/
config/next-config-js/turbopack#root-directory 
for more information.
 Detected additional lockfiles: 
   * C:\Users\gpu20\OneDrive\Desktop\AIDALA\Code\
Smart_water\package-lock.json


> Build error occurred
Error: EPERM: operation not permitted, rmdir 'C:\
Users\gpu20\OneDrive\Desktop\AIDALA\Code\Smart_wa
ter\.next\build\chunks'
    at ignore-listed frames {
  errno: -4048,
  code: 'EPERM',
  syscall: 'rmdir',
  path: 'C:\\Users\\gpu20\\OneDrive\\Desktop\\AID
ALA\\Code\\Smart_water\\.next\\build\\chunks'
}
